2025-08-27 13:06:43,781 - INFO - Logging initialized. Log file: wiener_logs/wiener_analysis_20250827_130643.log
2025-08-27 13:06:43,781 - INFO - WienerAnalysisOrchestrator initialized
2025-08-27 13:06:43,781 - INFO - Starting comprehensive study: 16 experiments
2025-08-27 13:06:43,781 - INFO - Experiment 1/16: 4 points, convex, trial 0
2025-08-27 13:06:43,781 - INFO - Starting experiment: n=4, type=convex, seed=0
2025-08-27 13:06:43,781 - INFO - Algorithm brute_force: Wiener=192.6175, Time=0.0006s
2025-08-27 13:06:43,782 - INFO - Algorithm divide_conquer: Wiener=192.6175, Time=0.0005s
2025-08-27 13:06:43,782 - INFO - Algorithm divide_conquer_median: Wiener=192.6175, Time=0.0005s
2025-08-27 13:06:43,783 - INFO - Experiment 2/16: 4 points, convex, trial 1
2025-08-27 13:06:43,783 - INFO - Starting experiment: n=4, type=convex, seed=1
2025-08-27 13:06:43,783 - INFO - Algorithm brute_force: Wiener=445.5717, Time=0.0005s
2025-08-27 13:06:43,784 - INFO - Algorithm divide_conquer: Wiener=445.5717, Time=0.0005s
2025-08-27 13:06:43,784 - INFO - Algorithm divide_conquer_median: Wiener=445.5717, Time=0.0005s
2025-08-27 13:06:43,784 - INFO - Experiment 3/16: 4 points, general, trial 0
2025-08-27 13:06:43,784 - INFO - Starting experiment: n=4, type=general, seed=0
2025-08-27 13:06:43,785 - INFO - Algorithm brute_force: Wiener=161.0859, Time=0.0005s
2025-08-27 13:06:43,785 - INFO - Algorithm divide_conquer: Wiener=161.0859, Time=0.0005s
2025-08-27 13:06:43,786 - INFO - Algorithm divide_conquer_median: Wiener=161.0859, Time=0.0005s
2025-08-27 13:06:43,786 - INFO - Experiment 4/16: 4 points, general, trial 1
2025-08-27 13:06:43,786 - INFO - Starting experiment: n=4, type=general, seed=1
2025-08-27 13:06:43,786 - INFO - Algorithm brute_force: Wiener=264.9451, Time=0.0005s
2025-08-27 13:06:43,787 - INFO - Algorithm divide_conquer: Wiener=264.9451, Time=0.0005s
2025-08-27 13:06:43,787 - INFO - Algorithm divide_conquer_median: Wiener=264.9451, Time=0.0005s
2025-08-27 13:06:43,787 - INFO - Experiment 5/16: 5 points, convex, trial 0
2025-08-27 13:06:43,787 - INFO - Starting experiment: n=5, type=convex, seed=0
2025-08-27 13:06:43,787 - INFO - Evaluating 24 permutations using 8 workers...
2025-08-27 13:06:44,157 - INFO - Parallel brute force completed in 0.37 seconds
2025-08-27 13:06:44,157 - INFO - Algorithm brute_force: Wiener=454.3990, Time=0.3702s
2025-08-27 13:06:44,158 - INFO - Algorithm divide_conquer: Wiener=564.6041, Time=0.0006s
2025-08-27 13:06:44,158 - INFO - Algorithm divide_conquer_median: Wiener=593.1701, Time=0.0004s
2025-08-27 13:06:44,159 - INFO - Experiment 6/16: 5 points, convex, trial 1
2025-08-27 13:06:44,159 - INFO - Starting experiment: n=5, type=convex, seed=1
2025-08-27 13:06:44,159 - INFO - Evaluating 24 permutations using 8 workers...
2025-08-27 13:06:44,521 - INFO - Parallel brute force completed in 0.36 seconds
2025-08-27 13:06:44,521 - INFO - Algorithm brute_force: Wiener=760.7862, Time=0.3628s
2025-08-27 13:06:44,522 - INFO - Algorithm divide_conquer: Wiener=760.7862, Time=0.0006s
2025-08-27 13:06:44,522 - INFO - Algorithm divide_conquer_median: Wiener=760.7862, Time=0.0004s
2025-08-27 13:06:44,522 - INFO - Experiment 7/16: 5 points, general, trial 0
2025-08-27 13:06:44,523 - INFO - Starting experiment: n=5, type=general, seed=0
2025-08-27 13:06:44,523 - INFO - Evaluating 24 permutations using 8 workers...
2025-08-27 13:06:44,883 - INFO - Parallel brute force completed in 0.36 seconds
2025-08-27 13:06:44,883 - INFO - Algorithm brute_force: Wiener=426.4994, Time=0.3606s
2025-08-27 13:06:44,884 - INFO - Algorithm divide_conquer: Wiener=449.5476, Time=0.0006s
2025-08-27 13:06:44,884 - INFO - Algorithm divide_conquer_median: Wiener=449.5476, Time=0.0003s
2025-08-27 13:06:44,884 - INFO - Experiment 8/16: 5 points, general, trial 1
2025-08-27 13:06:44,884 - INFO - Starting experiment: n=5, type=general, seed=1
2025-08-27 13:06:44,884 - INFO - Evaluating 24 permutations using 8 workers...
2025-08-27 13:06:45,244 - INFO - Parallel brute force completed in 0.36 seconds
2025-08-27 13:06:45,244 - INFO - Algorithm brute_force: Wiener=438.4277, Time=0.3599s
2025-08-27 13:06:45,245 - INFO - Algorithm divide_conquer: Wiener=459.1717, Time=0.0003s
2025-08-27 13:06:45,245 - INFO - Algorithm divide_conquer_median: Wiener=459.1717, Time=0.0004s
2025-08-27 13:06:45,245 - INFO - Experiment 9/16: 6 points, convex, trial 0
2025-08-27 13:06:45,245 - INFO - Starting experiment: n=6, type=convex, seed=0
2025-08-27 13:06:45,245 - INFO - Evaluating 120 permutations using 8 workers...
2025-08-27 13:06:45,611 - INFO - Parallel brute force completed in 0.37 seconds
2025-08-27 13:06:45,612 - INFO - Algorithm brute_force: Wiener=633.2389, Time=0.3661s
2025-08-27 13:06:45,612 - INFO - Algorithm divide_conquer: Wiener=858.4580, Time=0.0007s
2025-08-27 13:06:45,613 - INFO - Algorithm divide_conquer_median: Wiener=862.7618, Time=0.0005s
2025-08-27 13:06:45,613 - INFO - Experiment 10/16: 6 points, convex, trial 1
2025-08-27 13:06:45,613 - INFO - Starting experiment: n=6, type=convex, seed=1
2025-08-27 13:06:45,613 - INFO - Evaluating 120 permutations using 8 workers...
2025-08-27 13:06:45,980 - INFO - Parallel brute force completed in 0.37 seconds
2025-08-27 13:06:45,980 - INFO - Algorithm brute_force: Wiener=1115.6987, Time=0.3669s
2025-08-27 13:06:45,980 - INFO - Algorithm divide_conquer: Wiener=1562.1824, Time=0.0004s
2025-08-27 13:06:45,981 - INFO - Algorithm divide_conquer_median: Wiener=1115.6987, Time=0.0005s
2025-08-27 13:06:45,981 - INFO - Experiment 11/16: 6 points, general, trial 0
2025-08-27 13:06:45,981 - INFO - Starting experiment: n=6, type=general, seed=0
2025-08-27 13:06:45,981 - INFO - Evaluating 120 permutations using 8 workers...
2025-08-27 13:06:46,345 - INFO - Parallel brute force completed in 0.36 seconds
2025-08-27 13:06:46,346 - INFO - Algorithm brute_force: Wiener=637.5538, Time=0.3646s
2025-08-27 13:06:46,346 - INFO - Algorithm divide_conquer: Wiener=692.3587, Time=0.0007s
2025-08-27 13:06:46,347 - INFO - Algorithm divide_conquer_median: Wiener=713.6751, Time=0.0005s
2025-08-27 13:06:46,347 - INFO - Experiment 12/16: 6 points, general, trial 1
2025-08-27 13:06:46,347 - INFO - Starting experiment: n=6, type=general, seed=1
2025-08-27 13:06:46,347 - INFO - Evaluating 120 permutations using 8 workers...
2025-08-27 13:06:46,710 - INFO - Parallel brute force completed in 0.36 seconds
2025-08-27 13:06:46,711 - INFO - Algorithm brute_force: Wiener=634.7199, Time=0.3637s
2025-08-27 13:06:46,711 - INFO - Algorithm divide_conquer: Wiener=682.4210, Time=0.0005s
2025-08-27 13:06:46,712 - INFO - Algorithm divide_conquer_median: Wiener=682.4210, Time=0.0005s
2025-08-27 13:06:46,712 - INFO - Experiment 13/16: 7 points, convex, trial 0
2025-08-27 13:06:46,712 - INFO - Starting experiment: n=7, type=convex, seed=0
2025-08-27 13:06:46,712 - INFO - Evaluating 720 permutations using 8 workers...
2025-08-27 13:06:47,109 - INFO - Parallel brute force completed in 0.40 seconds
2025-08-27 13:06:47,109 - INFO - Algorithm brute_force: Wiener=991.4412, Time=0.3973s
2025-08-27 13:06:47,110 - INFO - Algorithm divide_conquer: Wiener=1131.8922, Time=0.0009s
2025-08-27 13:06:47,111 - INFO - Algorithm divide_conquer_median: Wiener=1195.6209, Time=0.0009s
2025-08-27 13:06:47,111 - INFO - Experiment 14/16: 7 points, convex, trial 1
2025-08-27 13:06:47,111 - INFO - Starting experiment: n=7, type=convex, seed=1
2025-08-27 13:06:47,111 - INFO - Evaluating 720 permutations using 8 workers...
2025-08-27 13:06:47,508 - INFO - Parallel brute force completed in 0.40 seconds
2025-08-27 13:06:47,508 - INFO - Algorithm brute_force: Wiener=1509.3541, Time=0.3970s
2025-08-27 13:06:47,509 - INFO - Algorithm divide_conquer: Wiener=2277.8530, Time=0.0009s
2025-08-27 13:06:47,510 - INFO - Algorithm divide_conquer_median: Wiener=2100.9185, Time=0.0009s
2025-08-27 13:06:47,510 - INFO - Experiment 15/16: 7 points, general, trial 0
2025-08-27 13:06:47,510 - INFO - Starting experiment: n=7, type=general, seed=0
2025-08-27 13:06:47,510 - INFO - Evaluating 720 permutations using 8 workers...
2025-08-27 13:06:47,908 - INFO - Parallel brute force completed in 0.40 seconds
2025-08-27 13:06:47,908 - INFO - Algorithm brute_force: Wiener=972.5310, Time=0.3980s
2025-08-27 13:06:47,909 - INFO - Algorithm divide_conquer: Wiener=1025.8056, Time=0.0009s
2025-08-27 13:06:47,910 - INFO - Algorithm divide_conquer_median: Wiener=1043.0780, Time=0.0010s
2025-08-27 13:06:47,910 - INFO - Experiment 16/16: 7 points, general, trial 1
2025-08-27 13:06:47,910 - INFO - Starting experiment: n=7, type=general, seed=1
2025-08-27 13:06:47,911 - INFO - Evaluating 720 permutations using 8 workers...
2025-08-27 13:06:48,308 - INFO - Parallel brute force completed in 0.40 seconds
2025-08-27 13:06:48,309 - INFO - Algorithm brute_force: Wiener=1020.1271, Time=0.3982s
2025-08-27 13:06:48,310 - INFO - Algorithm divide_conquer: Wiener=1223.0119, Time=0.0010s
2025-08-27 13:06:48,311 - INFO - Algorithm divide_conquer_median: Wiener=1070.0652, Time=0.0010s
2025-08-27 13:06:48,311 - INFO - Comprehensive study completed: 16 experiments
2025-08-27 13:06:48,313 - INFO - Results saved to wiener_results/wiener_analysis_20250827_130648.json
